{"component": "manage_run_state", "data": {"state": "building"}, "event": "completed", "iteration": 2, "level": "info", "message": "Run state updated", "run_id": "p0-b01", "timestamp": "2026-08-11T05:52:40.208461Z"}
{"component": "run_pipeline", "data": {}, "event": "started", "iteration": 2, "level": "info", "message": "Single-iteration pipeline started", "run_id": "p0-b01", "timestamp": "2026-08-11T05:52:40.443931Z"}
{"component": "crop_assets", "data": {}, "event": "skipped", "iteration": 2, "level": "info", "message": "No pending raster crops", "run_id": "p0-b01", "timestamp": "2026-08-11T05:52:40.630353Z"}
{"component": "sanitize_svg", "data": {}, "event": "skipped", "iteration": 2, "level": "info", "message": "No pending SVG assets", "run_id": "p0-b01", "timestamp": "2026-08-11T05:52:40.634350Z"}
{"timestamp":"2026-08-11T05:52:40.910Z","level":"info","component":"build_slide","event":"started","message":"PPT build started","run_id":"p0-b01","iteration":2,"data":{}}
{"component": "validate_assets", "data": {}, "event": "started", "iteration": 2, "level": "info", "message": "Asset allowlist validation started", "run_id": "p0-b01", "timestamp": "2026-08-11T05:52:41.086480Z"}
{"component": "validate_assets", "data": {"count": 0, "exit_code": 0}, "event": "completed", "iteration": 2, "level": "info", "message": "Asset allowlist validation completed", "run_id": "p0-b01", "timestamp": "2026-08-11T05:52:41.105482Z"}
{"timestamp":"2026-08-11T05:52:41.312Z","level":"info","component":"build_slide","event":"completed","message":"PPT build completed","run_id":"p0-b01","iteration":2,"data":{"exit_code":0,"element_count":24}}
{"component": "audit_fonts", "data": {}, "event": "started", "iteration": 2, "level": "info", "message": "Font audit started", "run_id": "p0-b01", "timestamp": "2026-08-11T05:52:41.460823Z"}
{"component": "audit_fonts", "data": {"exit_code": 0, "font_violations": 0}, "event": "completed", "iteration": 2, "level": "info", "message": "Font audit completed", "run_id": "p0-b01", "timestamp": "2026-08-11T05:52:41.491481Z"}
{"component": "render_ppt", "data": {}, "event": "started", "iteration": 2, "level": "info", "message": "PPT rendering started", "run_id": "p0-b01", "timestamp": "2026-08-11T05:52:41.660609Z"}
{"component": "render_ppt", "data": {"exit_code": 0, "fallback_used": false, "renderer": "Microsoft PowerPoint"}, "event": "completed", "iteration": 2, "level": "info", "message": "PPT rendering completed", "run_id": "p0-b01", "timestamp": "2026-08-11T05:52:47.830465Z"}
{"component": "verify_ppt", "data": {}, "event": "started", "iteration": 2, "level": "info", "message": "Structural QA started", "run_id": "p0-b01", "timestamp": "2026-08-11T05:52:48.090528Z"}
{"component": "verify_ppt", "data": {"exit_code": 0, "status": "pass"}, "event": "completed", "iteration": 2, "level": "info", "message": "Structural QA completed", "run_id": "p0-b01", "timestamp": "2026-08-11T05:52:48.260115Z"}
{"component": "run_pipeline", "data": {"exit_code": 0}, "event": "completed", "iteration": 2, "level": "info", "message": "Single-iteration pipeline completed", "run_id": "p0-b01", "timestamp": "2026-08-11T05:52:48.280113Z"}
{"component": "prepare_agent_call", "data": {"mode": "review", "role": "reviewer"}, "event": "completed", "iteration": 2, "level": "info", "message": "Agent call package created", "run_id": "p0-b01", "timestamp": "2026-08-11T05:53:04.435431Z"}
{"component": "run_review_checkpoint", "data": {}, "event": "opened", "iteration": 2, "level": "info", "message": "Mandatory visual-review checkpoint opened", "run_id": "p0-b01", "timestamp": "2026-08-11T05:53:04.460431Z"}
{"component": "finalize_agent_response", "data": {"mode": "review", "role": "reviewer"}, "event": "completed", "iteration": 2, "level": "info", "message": "Agent response finalized", "run_id": "p0-b01", "timestamp": "2026-08-11T06:00:00.398633Z"}
{"component": "manage_run_state", "data": {"state": "review_evaluating"}, "event": "completed", "iteration": 2, "level": "info", "message": "Run state updated", "run_id": "p0-b01", "timestamp": "2026-08-11T06:00:00.626633Z"}
{"component": "evaluate_review", "data": {"policy_decision": "revise"}, "event": "completed", "iteration": 2, "level": "info", "message": "Review evaluation completed", "run_id": "p0-b01", "timestamp": "2026-08-11T06:00:00.850634Z"}
{"component": "manage_run_state", "data": {"state": "review_revise"}, "event": "completed", "iteration": 2, "level": "info", "message": "Run state updated", "run_id": "p0-b01", "timestamp": "2026-08-11T06:00:01.070134Z"}
{"component": "prepare_agent_call", "data": {"mode": "revision", "role": "planner"}, "event": "completed", "iteration": 2, "level": "info", "message": "Agent call package created", "run_id": "p0-b01", "timestamp": "2026-08-11T06:00:01.315133Z"}
{"component": "finalize_agent_response", "data": {"mode": "revision", "role": "planner"}, "event": "completed", "iteration": 2, "level": "info", "message": "Agent response finalized", "run_id": "p0-b01", "timestamp": "2026-08-11T06:05:13.149133Z"}
{"component": "apply_review_patch", "data": {"applied": 6}, "event": "completed", "iteration": null, "level": "info", "message": "Review patch applied", "run_id": "p0-b01", "timestamp": "2026-08-11T06:05:13.462633Z"}
