{"component": "run_pipeline", "data": {}, "event": "started", "iteration": 1, "level": "info", "message": "Single-iteration pipeline started", "run_id": "p0-b02", "timestamp": "2026-08-11T05:30:25.769304Z"}
{"component": "crop_assets", "data": {}, "event": "started", "iteration": 1, "level": "info", "message": "Raster asset crop started", "run_id": "p0-b02", "timestamp": "2026-08-11T05:30:26.120251Z"}
{"component": "crop_assets", "data": {"count": 6, "exit_code": 0}, "event": "completed", "iteration": 1, "level": "info", "message": "Raster asset crop completed", "run_id": "p0-b02", "timestamp": "2026-08-11T05:30:26.180251Z"}
{"component": "sanitize_svg", "data": {}, "event": "skipped", "iteration": 1, "level": "info", "message": "No pending SVG assets", "run_id": "p0-b02", "timestamp": "2026-08-11T05:30:26.198251Z"}
{"timestamp":"2026-08-11T05:30:26.490Z","level":"info","component":"build_slide","event":"started","message":"PPT build started","run_id":"p0-b02","iteration":1,"data":{}}
{"component": "validate_assets", "data": {}, "event": "started", "iteration": 1, "level": "info", "message": "Asset allowlist validation started", "run_id": "p0-b02", "timestamp": "2026-08-11T05:30:26.665369Z"}
{"component": "validate_assets", "data": {"count": 6, "exit_code": 0}, "event": "completed", "iteration": 1, "level": "info", "message": "Asset allowlist validation completed", "run_id": "p0-b02", "timestamp": "2026-08-11T05:30:26.719367Z"}
{"timestamp":"2026-08-11T05:30:26.938Z","level":"info","component":"build_slide","event":"completed","message":"PPT build completed","run_id":"p0-b02","iteration":1,"data":{"exit_code":0,"element_count":34}}
{"component": "audit_fonts", "data": {}, "event": "started", "iteration": 1, "level": "info", "message": "Font audit started", "run_id": "p0-b02", "timestamp": "2026-08-11T05:30:27.088366Z"}
{"component": "audit_fonts", "data": {"exit_code": 0, "font_violations": 0}, "event": "completed", "iteration": 1, "level": "info", "message": "Font audit completed", "run_id": "p0-b02", "timestamp": "2026-08-11T05:30:27.125368Z"}
{"component": "render_ppt", "data": {}, "event": "started", "iteration": 1, "level": "info", "message": "PPT rendering started", "run_id": "p0-b02", "timestamp": "2026-08-11T05:30:27.290369Z"}
{"component": "render_ppt", "data": {"exit_code": 0, "fallback_used": false, "renderer": "Microsoft PowerPoint"}, "event": "completed", "iteration": 1, "level": "info", "message": "PPT rendering completed", "run_id": "p0-b02", "timestamp": "2026-08-11T05:30:31.360928Z"}
{"component": "verify_ppt", "data": {}, "event": "started", "iteration": 1, "level": "info", "message": "Structural QA started", "run_id": "p0-b02", "timestamp": "2026-08-11T05:30:31.620575Z"}
{"component": "verify_ppt", "data": {"exit_code": 0, "status": "pass"}, "event": "completed", "iteration": 1, "level": "info", "message": "Structural QA completed", "run_id": "p0-b02", "timestamp": "2026-08-11T05:30:31.805348Z"}
{"component": "run_pipeline", "data": {"exit_code": 0}, "event": "completed", "iteration": 1, "level": "info", "message": "Single-iteration pipeline completed", "run_id": "p0-b02", "timestamp": "2026-08-11T05:30:31.825728Z"}
{"component": "prepare_agent_call", "data": {"mode": "review", "role": "reviewer"}, "event": "completed", "iteration": 1, "level": "info", "message": "Agent call package created", "run_id": "p0-b02", "timestamp": "2026-08-11T05:35:07.014521Z"}
{"component": "run_review_checkpoint", "data": {}, "event": "opened", "iteration": 1, "level": "info", "message": "Mandatory visual-review checkpoint opened", "run_id": "p0-b02", "timestamp": "2026-08-11T05:35:07.038521Z"}
{"component": "finalize_agent_response", "data": {"mode": "review", "role": "reviewer"}, "event": "completed", "iteration": 1, "level": "info", "message": "Agent response finalized", "run_id": "p0-b02", "timestamp": "2026-08-11T05:45:15.086271Z"}
{"component": "manage_run_state", "data": {"state": "review_evaluating"}, "event": "completed", "iteration": 1, "level": "info", "message": "Run state updated", "run_id": "p0-b02", "timestamp": "2026-08-11T05:45:15.264468Z"}
{"component": "evaluate_review", "data": {"policy_decision": "revise"}, "event": "completed", "iteration": 1, "level": "info", "message": "Review evaluation completed", "run_id": "p0-b02", "timestamp": "2026-08-11T05:45:15.433029Z"}
{"component": "manage_run_state", "data": {"state": "review_revise"}, "event": "completed", "iteration": 1, "level": "info", "message": "Run state updated", "run_id": "p0-b02", "timestamp": "2026-08-11T05:45:15.626415Z"}
{"component": "prepare_agent_call", "data": {"mode": "revision", "role": "planner"}, "event": "completed", "iteration": 1, "level": "info", "message": "Agent call package created", "run_id": "p0-b02", "timestamp": "2026-08-11T05:46:19.393915Z"}
{"component": "finalize_agent_response", "data": {"mode": "revision", "role": "planner"}, "event": "completed", "iteration": 1, "level": "info", "message": "Agent response finalized", "run_id": "p0-b02", "timestamp": "2026-08-11T05:53:39.409063Z"}
{"component": "apply_review_patch", "data": {"applied": 1}, "event": "completed", "iteration": null, "level": "info", "message": "Review patch applied", "run_id": "p0-b02", "timestamp": "2026-08-11T05:53:39.689838Z"}
