{"component": "manage_run_state", "data": {"state": "building"}, "event": "completed", "iteration": 3, "level": "info", "message": "Run state updated", "run_id": "p0-b03", "timestamp": "2026-08-11T06:18:31.156841Z"}
{"component": "run_pipeline", "data": {}, "event": "started", "iteration": 3, "level": "info", "message": "Single-iteration pipeline started", "run_id": "p0-b03", "timestamp": "2026-08-11T06:18:31.398847Z"}
{"component": "crop_assets", "data": {}, "event": "skipped", "iteration": 3, "level": "info", "message": "No pending raster crops", "run_id": "p0-b03", "timestamp": "2026-08-11T06:18:31.582871Z"}
{"component": "sanitize_svg", "data": {}, "event": "skipped", "iteration": 3, "level": "info", "message": "No pending SVG assets", "run_id": "p0-b03", "timestamp": "2026-08-11T06:18:31.586872Z"}
{"timestamp":"2026-08-11T06:18:31.869Z","level":"info","component":"build_slide","event":"started","message":"PPT build started","run_id":"p0-b03","iteration":3,"data":{}}
{"component": "validate_assets", "data": {}, "event": "started", "iteration": 3, "level": "info", "message": "Asset allowlist validation started", "run_id": "p0-b03", "timestamp": "2026-08-11T06:18:32.047022Z"}
{"component": "validate_assets", "data": {"count": 1, "exit_code": 0}, "event": "completed", "iteration": 3, "level": "info", "message": "Asset allowlist validation completed", "run_id": "p0-b03", "timestamp": "2026-08-11T06:18:32.080022Z"}
{"timestamp":"2026-08-11T06:18:32.289Z","level":"info","component":"build_slide","event":"completed","message":"PPT build completed","run_id":"p0-b03","iteration":3,"data":{"exit_code":0,"element_count":17}}
{"component": "audit_fonts", "data": {}, "event": "started", "iteration": 3, "level": "info", "message": "Font audit started", "run_id": "p0-b03", "timestamp": "2026-08-11T06:18:32.440409Z"}
{"component": "audit_fonts", "data": {"exit_code": 0, "font_violations": 0}, "event": "completed", "iteration": 3, "level": "info", "message": "Font audit completed", "run_id": "p0-b03", "timestamp": "2026-08-11T06:18:32.466411Z"}
{"component": "render_ppt", "data": {}, "event": "started", "iteration": 3, "level": "info", "message": "PPT rendering started", "run_id": "p0-b03", "timestamp": "2026-08-11T06:18:32.635652Z"}
{"component": "render_ppt", "data": {"exit_code": 0, "fallback_used": false, "renderer": "Microsoft PowerPoint"}, "event": "completed", "iteration": 3, "level": "info", "message": "PPT rendering completed", "run_id": "p0-b03", "timestamp": "2026-08-11T06:18:36.835483Z"}
{"component": "verify_ppt", "data": {}, "event": "started", "iteration": 3, "level": "info", "message": "Structural QA started", "run_id": "p0-b03", "timestamp": "2026-08-11T06:18:37.104123Z"}
{"component": "verify_ppt", "data": {"exit_code": 0, "status": "pass"}, "event": "completed", "iteration": 3, "level": "info", "message": "Structural QA completed", "run_id": "p0-b03", "timestamp": "2026-08-11T06:18:37.278281Z"}
{"component": "run_pipeline", "data": {"exit_code": 0}, "event": "completed", "iteration": 3, "level": "info", "message": "Single-iteration pipeline completed", "run_id": "p0-b03", "timestamp": "2026-08-11T06:18:37.298281Z"}
{"component": "prepare_agent_call", "data": {"mode": "review", "role": "reviewer"}, "event": "completed", "iteration": 3, "level": "info", "message": "Agent call package created", "run_id": "p0-b03", "timestamp": "2026-08-11T06:18:37.778043Z"}
{"component": "run_review_checkpoint", "data": {}, "event": "opened", "iteration": 3, "level": "info", "message": "Mandatory visual-review checkpoint opened", "run_id": "p0-b03", "timestamp": "2026-08-11T06:18:37.807043Z"}
{"component": "finalize_agent_response", "data": {"exit_code": 4}, "event": "failed", "iteration": 3, "level": "error", "message": "recommended action references an unknown element", "run_id": "p0-b03", "timestamp": "2026-08-11T06:27:40.888885Z"}
{"component": "finalize_agent_response", "data": {"mode": "review", "role": "reviewer"}, "event": "completed", "iteration": 3, "level": "info", "message": "Agent response finalized", "run_id": "p0-b03", "timestamp": "2026-08-11T06:28:52.819381Z"}
{"component": "manage_run_state", "data": {"state": "review_evaluating"}, "event": "completed", "iteration": 3, "level": "info", "message": "Run state updated", "run_id": "p0-b03", "timestamp": "2026-08-11T06:28:52.995909Z"}
{"component": "evaluate_review", "data": {"policy_decision": "fail"}, "event": "completed", "iteration": 3, "level": "info", "message": "Review evaluation completed", "run_id": "p0-b03", "timestamp": "2026-08-11T06:28:53.159967Z"}
{"component": "manage_run_state", "data": {"state": "review_fail"}, "event": "completed", "iteration": 3, "level": "info", "message": "Run state updated", "run_id": "p0-b03", "timestamp": "2026-08-11T06:28:53.330003Z"}
