{"component": "manage_run_state", "data": {"state": "building"}, "event": "completed", "iteration": 2, "level": "info", "message": "Run state updated", "run_id": "p0-b02", "timestamp": "2026-08-11T05:53:39.857838Z"}
{"component": "run_pipeline", "data": {}, "event": "started", "iteration": 2, "level": "info", "message": "Single-iteration pipeline started", "run_id": "p0-b02", "timestamp": "2026-08-11T05:53:40.117899Z"}
{"component": "crop_assets", "data": {}, "event": "skipped", "iteration": 2, "level": "info", "message": "No pending raster crops", "run_id": "p0-b02", "timestamp": "2026-08-11T05:53:40.309838Z"}
{"component": "sanitize_svg", "data": {}, "event": "skipped", "iteration": 2, "level": "info", "message": "No pending SVG assets", "run_id": "p0-b02", "timestamp": "2026-08-11T05:53:40.313838Z"}
{"timestamp":"2026-08-11T05:53:40.629Z","level":"info","component":"build_slide","event":"started","message":"PPT build started","run_id":"p0-b02","iteration":2,"data":{}}
{"component": "validate_assets", "data": {}, "event": "started", "iteration": 2, "level": "info", "message": "Asset allowlist validation started", "run_id": "p0-b02", "timestamp": "2026-08-11T05:53:40.820915Z"}
{"component": "validate_assets", "data": {"count": 6, "exit_code": 0}, "event": "completed", "iteration": 2, "level": "info", "message": "Asset allowlist validation completed", "run_id": "p0-b02", "timestamp": "2026-08-11T05:53:40.872915Z"}
{"timestamp":"2026-08-11T05:53:41.102Z","level":"info","component":"build_slide","event":"completed","message":"PPT build completed","run_id":"p0-b02","iteration":2,"data":{"exit_code":0,"element_count":34}}
{"component": "audit_fonts", "data": {}, "event": "started", "iteration": 2, "level": "info", "message": "Font audit started", "run_id": "p0-b02", "timestamp": "2026-08-11T05:53:41.259915Z"}
{"component": "audit_fonts", "data": {"exit_code": 0, "font_violations": 0}, "event": "completed", "iteration": 2, "level": "info", "message": "Font audit completed", "run_id": "p0-b02", "timestamp": "2026-08-11T05:53:41.299917Z"}
{"component": "render_ppt", "data": {}, "event": "started", "iteration": 2, "level": "info", "message": "PPT rendering started", "run_id": "p0-b02", "timestamp": "2026-08-11T05:53:41.475915Z"}
{"component": "render_ppt", "data": {"exit_code": 0, "fallback_used": false, "renderer": "Microsoft PowerPoint"}, "event": "completed", "iteration": 2, "level": "info", "message": "PPT rendering completed", "run_id": "p0-b02", "timestamp": "2026-08-11T05:53:47.705660Z"}
{"component": "verify_ppt", "data": {}, "event": "started", "iteration": 2, "level": "info", "message": "Structural QA started", "run_id": "p0-b02", "timestamp": "2026-08-11T05:53:47.968840Z"}
{"component": "verify_ppt", "data": {"exit_code": 0, "status": "pass"}, "event": "completed", "iteration": 2, "level": "info", "message": "Structural QA completed", "run_id": "p0-b02", "timestamp": "2026-08-11T05:53:48.168116Z"}
{"component": "run_pipeline", "data": {"exit_code": 0}, "event": "completed", "iteration": 2, "level": "info", "message": "Single-iteration pipeline completed", "run_id": "p0-b02", "timestamp": "2026-08-11T05:53:48.189058Z"}
{"component": "prepare_agent_call", "data": {"mode": "review", "role": "reviewer"}, "event": "completed", "iteration": 2, "level": "info", "message": "Agent call package created", "run_id": "p0-b02", "timestamp": "2026-08-11T05:53:48.610739Z"}
{"component": "run_review_checkpoint", "data": {}, "event": "opened", "iteration": 2, "level": "info", "message": "Mandatory visual-review checkpoint opened", "run_id": "p0-b02", "timestamp": "2026-08-11T05:53:48.635739Z"}
{"component": "finalize_agent_response", "data": {"exit_code": 4}, "event": "failed", "iteration": 2, "level": "error", "message": "recommended action references an unknown element", "run_id": "p0-b02", "timestamp": "2026-08-11T06:02:11.423134Z"}
{"component": "finalize_agent_response", "data": {"mode": "review", "role": "reviewer"}, "event": "completed", "iteration": 2, "level": "info", "message": "Agent response finalized", "run_id": "p0-b02", "timestamp": "2026-08-11T06:03:21.001634Z"}
{"component": "manage_run_state", "data": {"state": "review_evaluating"}, "event": "completed", "iteration": 2, "level": "info", "message": "Run state updated", "run_id": "p0-b02", "timestamp": "2026-08-11T06:03:21.232635Z"}
{"component": "evaluate_review", "data": {"policy_decision": "revise"}, "event": "completed", "iteration": 2, "level": "info", "message": "Review evaluation completed", "run_id": "p0-b02", "timestamp": "2026-08-11T06:03:21.460132Z"}
{"component": "manage_run_state", "data": {"state": "review_revise"}, "event": "completed", "iteration": 2, "level": "info", "message": "Run state updated", "run_id": "p0-b02", "timestamp": "2026-08-11T06:03:21.694133Z"}
{"component": "prepare_agent_call", "data": {"mode": "revision", "role": "planner"}, "event": "completed", "iteration": 2, "level": "info", "message": "Agent call package created", "run_id": "p0-b02", "timestamp": "2026-08-11T06:03:21.973134Z"}
{"component": "finalize_agent_response", "data": {"mode": "revision", "role": "planner"}, "event": "completed", "iteration": 2, "level": "info", "message": "Agent response finalized", "run_id": "p0-b02", "timestamp": "2026-08-11T06:12:37.624633Z"}
{"component": "apply_review_patch", "data": {"exit_code": 4}, "event": "failed", "iteration": null, "level": "error", "message": "unknown or duplicate element: slide-root", "run_id": "p0-b02", "timestamp": "2026-08-11T06:12:37.910633Z"}
{"component": "finalize_agent_response", "data": {"exit_code": 9}, "event": "failed", "iteration": 2, "level": "error", "message": "review patch already exists", "run_id": "p0-b02", "timestamp": "2026-08-11T06:15:30.497057Z"}
{"component": "finalize_agent_response", "data": {"mode": "revision", "role": "planner"}, "event": "completed", "iteration": 2, "level": "info", "message": "Agent response finalized", "run_id": "p0-b02", "timestamp": "2026-08-11T06:16:55.323610Z"}
{"component": "apply_review_patch", "data": {"exit_code": 4}, "event": "failed", "iteration": null, "level": "error", "message": "{'editable': True, 'fill': {'color': '#EBF4FF', 'transparency': 0}, 'h': 3.74, 'id': 'decor_top_right', 'line': {'color': '#E6F0FC', 'transparency': 100, 'width_pt': 0.5}, 'shape': 'ellipse', 'type': 'shape', 'w': 4.84, 'x': 10.75, 'y': -1.55, 'z_index': 1} is not valid under any of the given schemas; {'editable': True, 'fill': {'color': '#F2F7FF', 'transparency': 0}, 'h': 3.75, 'id': 'decor_bottom_left', 'line': {'color': '#EEF4FC', 'transparency': 100, 'width_pt': 0.5}, 'shape': 'ellipse', 'type': 'shape', 'w': 4.57, 'x': -1.2, 'y': 5.77, 'z_index': 1} is not valid under any of the given schemas", "run_id": "p0-b02", "timestamp": "2026-08-11T06:16:55.619234Z"}
{"component": "finalize_agent_response", "data": {"mode": "revision", "role": "planner"}, "event": "completed", "iteration": 2, "level": "info", "message": "Agent response finalized", "run_id": "p0-b02", "timestamp": "2026-08-11T06:20:09.154082Z"}
{"component": "apply_review_patch", "data": {"applied": 4}, "event": "completed", "iteration": null, "level": "info", "message": "Review patch applied", "run_id": "p0-b02", "timestamp": "2026-08-11T06:20:09.426290Z"}
