{"component": "run_pipeline", "data": {}, "event": "started", "iteration": 1, "level": "info", "message": "Single-iteration pipeline started", "run_id": "p0-b06", "timestamp": "2026-08-11T05:33:58.040041Z"}
{"component": "crop_assets", "data": {}, "event": "skipped", "iteration": 1, "level": "info", "message": "No pending raster crops", "run_id": "p0-b06", "timestamp": "2026-08-11T05:33:58.208238Z"}
{"component": "sanitize_svg", "data": {}, "event": "skipped", "iteration": 1, "level": "info", "message": "No pending SVG assets", "run_id": "p0-b06", "timestamp": "2026-08-11T05:33:58.211239Z"}
{"component": "run_pipeline", "data": {"exit_code": 3}, "event": "failed", "iteration": 1, "level": "error", "message": "input path does not exist", "run_id": "p0-b06", "timestamp": "2026-08-11T05:33:58.483457Z"}
{"component": "run_pipeline", "data": {"exit_code": 3}, "event": "failed", "iteration": 1, "level": "error", "message": "input path does not exist", "run_id": "p0-b06", "timestamp": "2026-08-11T05:33:58.486457Z"}
{"component": "run_pipeline", "data": {}, "event": "started", "iteration": 1, "level": "info", "message": "Single-iteration pipeline started", "run_id": "p0-b06", "timestamp": "2026-08-11T05:33:58.744047Z"}
{"component": "crop_assets", "data": {}, "event": "skipped", "iteration": 1, "level": "info", "message": "No pending raster crops", "run_id": "p0-b06", "timestamp": "2026-08-11T05:33:58.924662Z"}
{"component": "sanitize_svg", "data": {}, "event": "skipped", "iteration": 1, "level": "info", "message": "No pending SVG assets", "run_id": "p0-b06", "timestamp": "2026-08-11T05:33:58.927662Z"}
{"timestamp":"2026-08-11T05:33:59.199Z","level":"info","component":"build_slide","event":"started","message":"PPT build started","run_id":"p0-b06","iteration":1,"data":{}}
{"component": "validate_assets", "data": {}, "event": "started", "iteration": 1, "level": "info", "message": "Asset allowlist validation started", "run_id": "p0-b06", "timestamp": "2026-08-11T05:33:59.373874Z"}
{"component": "validate_assets", "data": {"count": 0, "exit_code": 0}, "event": "completed", "iteration": 1, "level": "info", "message": "Asset allowlist validation completed", "run_id": "p0-b06", "timestamp": "2026-08-11T05:33:59.386876Z"}
{"timestamp":"2026-08-11T05:33:59.587Z","level":"info","component":"build_slide","event":"completed","message":"PPT build completed","run_id":"p0-b06","iteration":1,"data":{"exit_code":0,"element_count":12}}
{"component": "audit_fonts", "data": {}, "event": "started", "iteration": 1, "level": "info", "message": "Font audit started", "run_id": "p0-b06", "timestamp": "2026-08-11T05:33:59.737995Z"}
{"component": "audit_fonts", "data": {"exit_code": 0, "font_violations": 0}, "event": "completed", "iteration": 1, "level": "info", "message": "Font audit completed", "run_id": "p0-b06", "timestamp": "2026-08-11T05:33:59.760995Z"}
{"component": "render_ppt", "data": {}, "event": "started", "iteration": 1, "level": "info", "message": "PPT rendering started", "run_id": "p0-b06", "timestamp": "2026-08-11T05:33:59.930310Z"}
{"component": "render_ppt", "data": {"exit_code": 0, "fallback_used": false, "renderer": "Microsoft PowerPoint"}, "event": "completed", "iteration": 1, "level": "info", "message": "PPT rendering completed", "run_id": "p0-b06", "timestamp": "2026-08-11T05:34:06.131404Z"}
{"component": "verify_ppt", "data": {}, "event": "started", "iteration": 1, "level": "info", "message": "Structural QA started", "run_id": "p0-b06", "timestamp": "2026-08-11T05:34:06.391567Z"}
{"component": "verify_ppt", "data": {"exit_code": 0, "status": "pass"}, "event": "completed", "iteration": 1, "level": "info", "message": "Structural QA completed", "run_id": "p0-b06", "timestamp": "2026-08-11T05:34:06.557951Z"}
{"component": "run_pipeline", "data": {"exit_code": 0}, "event": "completed", "iteration": 1, "level": "info", "message": "Single-iteration pipeline completed", "run_id": "p0-b06", "timestamp": "2026-08-11T05:34:06.577959Z"}
{"component": "prepare_agent_call", "data": {"mode": "review", "role": "reviewer"}, "event": "completed", "iteration": 1, "level": "info", "message": "Agent call package created", "run_id": "p0-b06", "timestamp": "2026-08-11T05:35:08.164703Z"}
{"component": "run_review_checkpoint", "data": {}, "event": "opened", "iteration": 1, "level": "info", "message": "Mandatory visual-review checkpoint opened", "run_id": "p0-b06", "timestamp": "2026-08-11T05:35:08.187703Z"}
{"component": "finalize_agent_response", "data": {"mode": "review", "role": "reviewer"}, "event": "completed", "iteration": 1, "level": "info", "message": "Agent response finalized", "run_id": "p0-b06", "timestamp": "2026-08-11T05:49:53.406391Z"}
{"component": "manage_run_state", "data": {"state": "review_evaluating"}, "event": "completed", "iteration": 1, "level": "info", "message": "Run state updated", "run_id": "p0-b06", "timestamp": "2026-08-11T05:49:53.584799Z"}
{"component": "evaluate_review", "data": {"policy_decision": "pass"}, "event": "completed", "iteration": 1, "level": "info", "message": "Review evaluation completed", "run_id": "p0-b06", "timestamp": "2026-08-11T05:49:53.752817Z"}
{"component": "manage_run_state", "data": {"state": "review_pass"}, "event": "completed", "iteration": 1, "level": "info", "message": "Run state updated", "run_id": "p0-b06", "timestamp": "2026-08-11T05:49:53.927443Z"}
