{"component": "manage_run_state", "data": {"state": "building"}, "event": "completed", "iteration": 3, "level": "info", "message": "Run state updated", "run_id": "p0-b01", "timestamp": "2026-08-11T06:05:13.679633Z"}
{"component": "run_pipeline", "data": {}, "event": "started", "iteration": 3, "level": "info", "message": "Single-iteration pipeline started", "run_id": "p0-b01", "timestamp": "2026-08-11T06:05:13.986135Z"}
{"component": "crop_assets", "data": {}, "event": "skipped", "iteration": 3, "level": "info", "message": "No pending raster crops", "run_id": "p0-b01", "timestamp": "2026-08-11T06:05:14.223633Z"}
{"component": "sanitize_svg", "data": {}, "event": "skipped", "iteration": 3, "level": "info", "message": "No pending SVG assets", "run_id": "p0-b01", "timestamp": "2026-08-11T06:05:14.227633Z"}
{"timestamp":"2026-08-11T06:05:14.601Z","level":"info","component":"build_slide","event":"started","message":"PPT build started","run_id":"p0-b01","iteration":3,"data":{}}
{"component": "validate_assets", "data": {}, "event": "started", "iteration": 3, "level": "info", "message": "Asset allowlist validation started", "run_id": "p0-b01", "timestamp": "2026-08-11T06:05:14.828134Z"}
{"component": "validate_assets", "data": {"count": 0, "exit_code": 0}, "event": "completed", "iteration": 3, "level": "info", "message": "Asset allowlist validation completed", "run_id": "p0-b01", "timestamp": "2026-08-11T06:05:14.853633Z"}
{"timestamp":"2026-08-11T06:05:15.125Z","level":"info","component":"build_slide","event":"completed","message":"PPT build completed","run_id":"p0-b01","iteration":3,"data":{"exit_code":0,"element_count":24}}
{"component": "audit_fonts", "data": {}, "event": "started", "iteration": 3, "level": "info", "message": "Font audit started", "run_id": "p0-b01", "timestamp": "2026-08-11T06:05:15.322133Z"}
{"component": "audit_fonts", "data": {"exit_code": 0, "font_violations": 0}, "event": "completed", "iteration": 3, "level": "info", "message": "Font audit completed", "run_id": "p0-b01", "timestamp": "2026-08-11T06:05:15.361135Z"}
{"component": "render_ppt", "data": {}, "event": "started", "iteration": 3, "level": "info", "message": "PPT rendering started", "run_id": "p0-b01", "timestamp": "2026-08-11T06:05:15.592633Z"}
{"component": "render_ppt", "data": {"exit_code": 0, "fallback_used": false, "renderer": "Microsoft PowerPoint"}, "event": "completed", "iteration": 3, "level": "info", "message": "PPT rendering completed", "run_id": "p0-b01", "timestamp": "2026-08-11T06:05:22.111633Z"}
{"component": "verify_ppt", "data": {}, "event": "started", "iteration": 3, "level": "info", "message": "Structural QA started", "run_id": "p0-b01", "timestamp": "2026-08-11T06:05:22.448133Z"}
{"component": "verify_ppt", "data": {"exit_code": 0, "status": "pass"}, "event": "completed", "iteration": 3, "level": "info", "message": "Structural QA completed", "run_id": "p0-b01", "timestamp": "2026-08-11T06:05:22.681133Z"}
{"component": "run_pipeline", "data": {"exit_code": 0}, "event": "completed", "iteration": 3, "level": "info", "message": "Single-iteration pipeline completed", "run_id": "p0-b01", "timestamp": "2026-08-11T06:05:22.708635Z"}
{"component": "prepare_agent_call", "data": {"mode": "review", "role": "reviewer"}, "event": "completed", "iteration": 3, "level": "info", "message": "Agent call package created", "run_id": "p0-b01", "timestamp": "2026-08-11T06:05:23.245633Z"}
{"component": "run_review_checkpoint", "data": {}, "event": "opened", "iteration": 3, "level": "info", "message": "Mandatory visual-review checkpoint opened", "run_id": "p0-b01", "timestamp": "2026-08-11T06:05:23.279634Z"}
{"component": "finalize_agent_response", "data": {"exit_code": 4}, "event": "failed", "iteration": 3, "level": "error", "message": "recommended action references an unknown element", "run_id": "p0-b01", "timestamp": "2026-08-11T06:14:17.804598Z"}
{"component": "finalize_agent_response", "data": {"mode": "review", "role": "reviewer"}, "event": "completed", "iteration": 3, "level": "info", "message": "Agent response finalized", "run_id": "p0-b01", "timestamp": "2026-08-11T06:17:49.484166Z"}
{"component": "manage_run_state", "data": {"state": "review_evaluating"}, "event": "completed", "iteration": 3, "level": "info", "message": "Run state updated", "run_id": "p0-b01", "timestamp": "2026-08-11T06:17:49.662370Z"}
{"component": "evaluate_review", "data": {"policy_decision": "fail"}, "event": "completed", "iteration": 3, "level": "info", "message": "Review evaluation completed", "run_id": "p0-b01", "timestamp": "2026-08-11T06:17:49.836485Z"}
{"component": "manage_run_state", "data": {"state": "review_fail"}, "event": "completed", "iteration": 3, "level": "info", "message": "Run state updated", "run_id": "p0-b01", "timestamp": "2026-08-11T06:17:50.010591Z"}
