{"component": "run_pipeline", "data": {}, "event": "started", "iteration": 1, "level": "info", "message": "Single-iteration pipeline started", "run_id": "p0-b01", "timestamp": "2026-08-11T05:27:50.407533Z"}
{"component": "crop_assets", "data": {}, "event": "skipped", "iteration": 1, "level": "info", "message": "No pending raster crops", "run_id": "p0-b01", "timestamp": "2026-08-11T05:27:50.597031Z"}
{"component": "sanitize_svg", "data": {}, "event": "skipped", "iteration": 1, "level": "info", "message": "No pending SVG assets", "run_id": "p0-b01", "timestamp": "2026-08-11T05:27:50.600030Z"}
{"component": "run_pipeline", "data": {"exit_code": 3}, "event": "failed", "iteration": 1, "level": "error", "message": "input path does not exist", "run_id": "p0-b01", "timestamp": "2026-08-11T05:27:50.889909Z"}
{"component": "run_pipeline", "data": {"exit_code": 3}, "event": "failed", "iteration": 1, "level": "error", "message": "input path does not exist", "run_id": "p0-b01", "timestamp": "2026-08-11T05:27:50.892907Z"}
{"component": "run_pipeline", "data": {}, "event": "started", "iteration": 1, "level": "info", "message": "Single-iteration pipeline started", "run_id": "p0-b01", "timestamp": "2026-08-11T05:28:29.258242Z"}
{"component": "crop_assets", "data": {}, "event": "skipped", "iteration": 1, "level": "info", "message": "No pending raster crops", "run_id": "p0-b01", "timestamp": "2026-08-11T05:28:29.433041Z"}
{"component": "sanitize_svg", "data": {}, "event": "skipped", "iteration": 1, "level": "info", "message": "No pending SVG assets", "run_id": "p0-b01", "timestamp": "2026-08-11T05:28:29.435039Z"}
{"timestamp":"2026-08-11T05:28:29.710Z","level":"info","component":"build_slide","event":"started","message":"PPT build started","run_id":"p0-b01","iteration":1,"data":{}}
{"component": "validate_assets", "data": {}, "event": "started", "iteration": 1, "level": "info", "message": "Asset allowlist validation started", "run_id": "p0-b01", "timestamp": "2026-08-11T05:28:29.885850Z"}
{"component": "validate_assets", "data": {"count": 0, "exit_code": 0}, "event": "completed", "iteration": 1, "level": "info", "message": "Asset allowlist validation completed", "run_id": "p0-b01", "timestamp": "2026-08-11T05:28:29.905851Z"}
{"timestamp":"2026-08-11T05:28:30.108Z","level":"info","component":"build_slide","event":"completed","message":"PPT build completed","run_id":"p0-b01","iteration":1,"data":{"exit_code":0,"element_count":24}}
{"component": "audit_fonts", "data": {}, "event": "started", "iteration": 1, "level": "info", "message": "Font audit started", "run_id": "p0-b01", "timestamp": "2026-08-11T05:28:30.256094Z"}
{"component": "audit_fonts", "data": {"exit_code": 0, "font_violations": 0}, "event": "completed", "iteration": 1, "level": "info", "message": "Font audit completed", "run_id": "p0-b01", "timestamp": "2026-08-11T05:28:30.286266Z"}
{"component": "render_ppt", "data": {}, "event": "started", "iteration": 1, "level": "info", "message": "PPT rendering started", "run_id": "p0-b01", "timestamp": "2026-08-11T05:28:30.452680Z"}
{"component": "render_ppt", "data": {"exit_code": 0, "fallback_used": false, "renderer": "Microsoft PowerPoint"}, "event": "completed", "iteration": 1, "level": "info", "message": "PPT rendering completed", "run_id": "p0-b01", "timestamp": "2026-08-11T05:28:34.477459Z"}
{"component": "verify_ppt", "data": {}, "event": "started", "iteration": 1, "level": "info", "message": "Structural QA started", "run_id": "p0-b01", "timestamp": "2026-08-11T05:28:34.741472Z"}
{"component": "verify_ppt", "data": {"exit_code": 0, "status": "pass"}, "event": "completed", "iteration": 1, "level": "info", "message": "Structural QA completed", "run_id": "p0-b01", "timestamp": "2026-08-11T05:28:34.911574Z"}
{"component": "run_pipeline", "data": {"exit_code": 0}, "event": "completed", "iteration": 1, "level": "info", "message": "Single-iteration pipeline completed", "run_id": "p0-b01", "timestamp": "2026-08-11T05:28:34.931527Z"}
{"component": "prepare_agent_call", "data": {"mode": "review", "role": "reviewer"}, "event": "completed", "iteration": 1, "level": "info", "message": "Agent call package created", "run_id": "p0-b01", "timestamp": "2026-08-11T05:35:06.622593Z"}
{"component": "run_review_checkpoint", "data": {}, "event": "opened", "iteration": 1, "level": "info", "message": "Mandatory visual-review checkpoint opened", "run_id": "p0-b01", "timestamp": "2026-08-11T05:35:06.646520Z"}
{"component": "finalize_agent_response", "data": {"exit_code": 4}, "event": "failed", "iteration": 1, "level": "error", "message": "Additional properties are not allowed ('context_policy', 'inputs', 'mode', 'output' were unexpected); 'input_sha256' is a required property", "run_id": "p0-b01", "timestamp": "2026-08-11T05:42:36.884403Z"}
{"component": "finalize_agent_response", "data": {"mode": "review", "role": "reviewer"}, "event": "completed", "iteration": 1, "level": "info", "message": "Agent response finalized", "run_id": "p0-b01", "timestamp": "2026-08-11T05:45:14.306852Z"}
{"component": "manage_run_state", "data": {"state": "review_evaluating"}, "event": "completed", "iteration": 1, "level": "info", "message": "Run state updated", "run_id": "p0-b01", "timestamp": "2026-08-11T05:45:14.486457Z"}
{"component": "evaluate_review", "data": {"policy_decision": "revise"}, "event": "completed", "iteration": 1, "level": "info", "message": "Review evaluation completed", "run_id": "p0-b01", "timestamp": "2026-08-11T05:45:14.653051Z"}
{"component": "manage_run_state", "data": {"state": "review_revise"}, "event": "completed", "iteration": 1, "level": "info", "message": "Run state updated", "run_id": "p0-b01", "timestamp": "2026-08-11T05:45:14.827377Z"}
{"component": "prepare_agent_call", "data": {"mode": "revision", "role": "planner"}, "event": "completed", "iteration": 1, "level": "info", "message": "Agent call package created", "run_id": "p0-b01", "timestamp": "2026-08-11T05:46:19.195702Z"}
{"component": "finalize_agent_response", "data": {"mode": "revision", "role": "planner"}, "event": "completed", "iteration": 1, "level": "info", "message": "Agent response finalized", "run_id": "p0-b01", "timestamp": "2026-08-11T05:51:56.199660Z"}
{"component": "apply_review_patch", "data": {"applied": 1}, "event": "completed", "iteration": null, "level": "info", "message": "Review patch applied", "run_id": "p0-b01", "timestamp": "2026-08-11T05:51:56.439411Z"}
