{"component": "manage_run_state", "data": {"state": "building"}, "event": "completed", "iteration": 2, "level": "info", "message": "Run state updated", "run_id": "p0-b04", "timestamp": "2026-08-11T06:25:53.280964Z"}
{"component": "run_pipeline", "data": {}, "event": "started", "iteration": 2, "level": "info", "message": "Single-iteration pipeline started", "run_id": "p0-b04", "timestamp": "2026-08-11T06:25:53.524592Z"}
{"component": "crop_assets", "data": {}, "event": "skipped", "iteration": 2, "level": "info", "message": "No pending raster crops", "run_id": "p0-b04", "timestamp": "2026-08-11T06:25:53.714350Z"}
{"component": "sanitize_svg", "data": {}, "event": "skipped", "iteration": 2, "level": "info", "message": "No pending SVG assets", "run_id": "p0-b04", "timestamp": "2026-08-11T06:25:53.717351Z"}
{"timestamp":"2026-08-11T06:25:54.006Z","level":"info","component":"build_slide","event":"started","message":"PPT build started","run_id":"p0-b04","iteration":2,"data":{}}
{"component": "validate_assets", "data": {}, "event": "started", "iteration": 2, "level": "info", "message": "Asset allowlist validation started", "run_id": "p0-b04", "timestamp": "2026-08-11T06:25:54.205260Z"}
{"component": "validate_assets", "data": {"count": 0, "exit_code": 0}, "event": "completed", "iteration": 2, "level": "info", "message": "Asset allowlist validation completed", "run_id": "p0-b04", "timestamp": "2026-08-11T06:25:54.230261Z"}
{"timestamp":"2026-08-11T06:25:54.435Z","level":"info","component":"build_slide","event":"completed","message":"PPT build completed","run_id":"p0-b04","iteration":2,"data":{"exit_code":0,"element_count":29}}
{"component": "audit_fonts", "data": {}, "event": "started", "iteration": 2, "level": "info", "message": "Font audit started", "run_id": "p0-b04", "timestamp": "2026-08-11T06:25:54.585610Z"}
{"component": "audit_fonts", "data": {"exit_code": 0, "font_violations": 0}, "event": "completed", "iteration": 2, "level": "info", "message": "Font audit completed", "run_id": "p0-b04", "timestamp": "2026-08-11T06:25:54.619567Z"}
{"component": "render_ppt", "data": {}, "event": "started", "iteration": 2, "level": "info", "message": "PPT rendering started", "run_id": "p0-b04", "timestamp": "2026-08-11T06:25:54.789356Z"}
{"component": "render_ppt", "data": {"exit_code": 0, "fallback_used": false, "renderer": "Microsoft PowerPoint"}, "event": "completed", "iteration": 2, "level": "info", "message": "PPT rendering completed", "run_id": "p0-b04", "timestamp": "2026-08-11T06:26:05.323680Z"}
{"component": "verify_ppt", "data": {}, "event": "started", "iteration": 2, "level": "info", "message": "Structural QA started", "run_id": "p0-b04", "timestamp": "2026-08-11T06:26:05.596012Z"}
{"component": "verify_ppt", "data": {"exit_code": 0, "status": "pass"}, "event": "completed", "iteration": 2, "level": "info", "message": "Structural QA completed", "run_id": "p0-b04", "timestamp": "2026-08-11T06:26:05.781277Z"}
{"component": "run_pipeline", "data": {"exit_code": 0}, "event": "completed", "iteration": 2, "level": "info", "message": "Single-iteration pipeline completed", "run_id": "p0-b04", "timestamp": "2026-08-11T06:26:05.801277Z"}
{"component": "prepare_agent_call", "data": {"mode": "review", "role": "reviewer"}, "event": "completed", "iteration": 2, "level": "info", "message": "Agent call package created", "run_id": "p0-b04", "timestamp": "2026-08-11T06:26:06.220413Z"}
{"component": "run_review_checkpoint", "data": {}, "event": "opened", "iteration": 2, "level": "info", "message": "Mandatory visual-review checkpoint opened", "run_id": "p0-b04", "timestamp": "2026-08-11T06:26:06.246411Z"}
{"component": "finalize_agent_response", "data": {"exit_code": 4}, "event": "failed", "iteration": 2, "level": "error", "message": "recommended action references an unknown element", "run_id": "p0-b04", "timestamp": "2026-08-11T06:37:52.639322Z"}
{"component": "finalize_agent_response", "data": {"mode": "review", "role": "reviewer"}, "event": "completed", "iteration": 2, "level": "info", "message": "Agent response finalized", "run_id": "p0-b04", "timestamp": "2026-08-11T06:39:14.614302Z"}
{"component": "manage_run_state", "data": {"state": "review_evaluating"}, "event": "completed", "iteration": 2, "level": "info", "message": "Run state updated", "run_id": "p0-b04", "timestamp": "2026-08-11T06:39:14.791579Z"}
{"component": "evaluate_review", "data": {"policy_decision": "pass"}, "event": "completed", "iteration": 2, "level": "info", "message": "Review evaluation completed", "run_id": "p0-b04", "timestamp": "2026-08-11T06:39:14.965886Z"}
{"component": "manage_run_state", "data": {"state": "review_pass"}, "event": "completed", "iteration": 2, "level": "info", "message": "Run state updated", "run_id": "p0-b04", "timestamp": "2026-08-11T06:39:15.136908Z"}
