{"component": "run_pipeline", "data": {"exit_code": 9}, "event": "failed", "iteration": 1, "level": "error", "message": "production pipeline requires run state building", "run_id": "p0-b03", "timestamp": "2026-08-11T05:26:47.470828Z"}
{"component": "run_pipeline", "data": {}, "event": "started", "iteration": 1, "level": "info", "message": "Single-iteration pipeline started", "run_id": "p0-b03", "timestamp": "2026-08-11T05:26:59.106149Z"}
{"component": "crop_assets", "data": {}, "event": "started", "iteration": 1, "level": "info", "message": "Raster asset crop started", "run_id": "p0-b03", "timestamp": "2026-08-11T05:26:59.432384Z"}
{"component": "crop_assets", "data": {"count": 1, "exit_code": 0}, "event": "completed", "iteration": 1, "level": "info", "message": "Raster asset crop completed", "run_id": "p0-b03", "timestamp": "2026-08-11T05:26:59.483385Z"}
{"component": "sanitize_svg", "data": {}, "event": "skipped", "iteration": 1, "level": "info", "message": "No pending SVG assets", "run_id": "p0-b03", "timestamp": "2026-08-11T05:26:59.498386Z"}
{"timestamp":"2026-08-11T05:26:59.800Z","level":"info","component":"build_slide","event":"started","message":"PPT build started","run_id":"p0-b03","iteration":1,"data":{}}
{"component": "validate_assets", "data": {}, "event": "started", "iteration": 1, "level": "info", "message": "Asset allowlist validation started", "run_id": "p0-b03", "timestamp": "2026-08-11T05:26:59.983614Z"}
{"component": "validate_assets", "data": {"count": 1, "exit_code": 0}, "event": "completed", "iteration": 1, "level": "info", "message": "Asset allowlist validation completed", "run_id": "p0-b03", "timestamp": "2026-08-11T05:27:00.015614Z"}
{"timestamp":"2026-08-11T05:27:00.238Z","level":"info","component":"build_slide","event":"completed","message":"PPT build completed","run_id":"p0-b03","iteration":1,"data":{"exit_code":0,"element_count":17}}
{"component": "audit_fonts", "data": {}, "event": "started", "iteration": 1, "level": "info", "message": "Font audit started", "run_id": "p0-b03", "timestamp": "2026-08-11T05:27:00.405634Z"}
{"component": "audit_fonts", "data": {"exit_code": 0, "font_violations": 0}, "event": "completed", "iteration": 1, "level": "info", "message": "Font audit completed", "run_id": "p0-b03", "timestamp": "2026-08-11T05:27:00.436403Z"}
{"component": "render_ppt", "data": {}, "event": "started", "iteration": 1, "level": "info", "message": "PPT rendering started", "run_id": "p0-b03", "timestamp": "2026-08-11T05:27:00.624976Z"}
{"component": "render_ppt", "data": {"exit_code": 0, "fallback_used": false, "renderer": "Microsoft PowerPoint"}, "event": "completed", "iteration": 1, "level": "info", "message": "PPT rendering completed", "run_id": "p0-b03", "timestamp": "2026-08-11T05:27:04.731269Z"}
{"component": "verify_ppt", "data": {}, "event": "started", "iteration": 1, "level": "info", "message": "Structural QA started", "run_id": "p0-b03", "timestamp": "2026-08-11T05:27:05.201798Z"}
{"component": "verify_ppt", "data": {"exit_code": 0, "status": "pass"}, "event": "completed", "iteration": 1, "level": "info", "message": "Structural QA completed", "run_id": "p0-b03", "timestamp": "2026-08-11T05:27:05.373689Z"}
{"component": "run_pipeline", "data": {"exit_code": 0}, "event": "completed", "iteration": 1, "level": "info", "message": "Single-iteration pipeline completed", "run_id": "p0-b03", "timestamp": "2026-08-11T05:27:05.395165Z"}
{"component": "prepare_agent_call", "data": {"mode": "review", "role": "reviewer"}, "event": "completed", "iteration": 1, "level": "info", "message": "Agent call package created", "run_id": "p0-b03", "timestamp": "2026-08-11T05:35:07.399133Z"}
{"component": "run_review_checkpoint", "data": {}, "event": "opened", "iteration": 1, "level": "info", "message": "Mandatory visual-review checkpoint opened", "run_id": "p0-b03", "timestamp": "2026-08-11T05:35:07.423133Z"}
{"component": "finalize_agent_response", "data": {"mode": "review", "role": "reviewer"}, "event": "completed", "iteration": 1, "level": "info", "message": "Agent response finalized", "run_id": "p0-b03", "timestamp": "2026-08-11T05:45:57.816239Z"}
{"component": "manage_run_state", "data": {"state": "review_evaluating"}, "event": "completed", "iteration": 1, "level": "info", "message": "Run state updated", "run_id": "p0-b03", "timestamp": "2026-08-11T05:45:57.988018Z"}
{"component": "evaluate_review", "data": {"policy_decision": "revise"}, "event": "completed", "iteration": 1, "level": "info", "message": "Review evaluation completed", "run_id": "p0-b03", "timestamp": "2026-08-11T05:45:58.163192Z"}
{"component": "manage_run_state", "data": {"state": "review_revise"}, "event": "completed", "iteration": 1, "level": "info", "message": "Run state updated", "run_id": "p0-b03", "timestamp": "2026-08-11T05:45:58.335299Z"}
{"component": "prepare_agent_call", "data": {"mode": "revision", "role": "planner"}, "event": "completed", "iteration": 1, "level": "info", "message": "Agent call package created", "run_id": "p0-b03", "timestamp": "2026-08-11T05:46:19.584529Z"}
{"component": "finalize_agent_response", "data": {"mode": "revision", "role": "planner"}, "event": "completed", "iteration": 1, "level": "info", "message": "Agent response finalized", "run_id": "p0-b03", "timestamp": "2026-08-11T05:59:23.113134Z"}
{"component": "apply_review_patch", "data": {"applied": 5}, "event": "completed", "iteration": null, "level": "info", "message": "Review patch applied", "run_id": "p0-b03", "timestamp": "2026-08-11T05:59:23.416633Z"}
