{"component": "manage_run_state", "data": {"state": "building"}, "event": "completed", "iteration": 2, "level": "info", "message": "Run state updated", "run_id": "p0-b03", "timestamp": "2026-08-11T05:59:23.635634Z"}
{"component": "run_pipeline", "data": {}, "event": "started", "iteration": 2, "level": "info", "message": "Single-iteration pipeline started", "run_id": "p0-b03", "timestamp": "2026-08-11T05:59:24.015634Z"}
{"component": "crop_assets", "data": {}, "event": "skipped", "iteration": 2, "level": "info", "message": "No pending raster crops", "run_id": "p0-b03", "timestamp": "2026-08-11T05:59:24.261632Z"}
{"component": "sanitize_svg", "data": {}, "event": "skipped", "iteration": 2, "level": "info", "message": "No pending SVG assets", "run_id": "p0-b03", "timestamp": "2026-08-11T05:59:24.266134Z"}
{"timestamp":"2026-08-11T05:59:24.698Z","level":"info","component":"build_slide","event":"started","message":"PPT build started","run_id":"p0-b03","iteration":2,"data":{}}
{"component": "validate_assets", "data": {}, "event": "started", "iteration": 2, "level": "info", "message": "Asset allowlist validation started", "run_id": "p0-b03", "timestamp": "2026-08-11T05:59:24.947634Z"}
{"component": "validate_assets", "data": {"count": 1, "exit_code": 0}, "event": "completed", "iteration": 2, "level": "info", "message": "Asset allowlist validation completed", "run_id": "p0-b03", "timestamp": "2026-08-11T05:59:24.992133Z"}
{"timestamp":"2026-08-11T05:59:25.297Z","level":"info","component":"build_slide","event":"completed","message":"PPT build completed","run_id":"p0-b03","iteration":2,"data":{"exit_code":0,"element_count":17}}
{"component": "audit_fonts", "data": {}, "event": "started", "iteration": 2, "level": "info", "message": "Font audit started", "run_id": "p0-b03", "timestamp": "2026-08-11T05:59:25.543133Z"}
{"component": "audit_fonts", "data": {"exit_code": 0, "font_violations": 0}, "event": "completed", "iteration": 2, "level": "info", "message": "Font audit completed", "run_id": "p0-b03", "timestamp": "2026-08-11T05:59:25.585633Z"}
{"component": "render_ppt", "data": {}, "event": "started", "iteration": 2, "level": "info", "message": "PPT rendering started", "run_id": "p0-b03", "timestamp": "2026-08-11T05:59:25.870133Z"}
{"component": "render_ppt", "data": {"exit_code": 0, "fallback_used": false, "renderer": "Microsoft PowerPoint"}, "event": "completed", "iteration": 2, "level": "info", "message": "PPT rendering completed", "run_id": "p0-b03", "timestamp": "2026-08-11T05:59:36.329138Z"}
{"component": "verify_ppt", "data": {}, "event": "started", "iteration": 2, "level": "info", "message": "Structural QA started", "run_id": "p0-b03", "timestamp": "2026-08-11T05:59:36.704132Z"}
{"component": "verify_ppt", "data": {"exit_code": 0, "status": "pass"}, "event": "completed", "iteration": 2, "level": "info", "message": "Structural QA completed", "run_id": "p0-b03", "timestamp": "2026-08-11T05:59:36.928133Z"}
{"component": "run_pipeline", "data": {"exit_code": 0}, "event": "completed", "iteration": 2, "level": "info", "message": "Single-iteration pipeline completed", "run_id": "p0-b03", "timestamp": "2026-08-11T05:59:36.952635Z"}
{"component": "prepare_agent_call", "data": {"mode": "review", "role": "reviewer"}, "event": "completed", "iteration": 2, "level": "info", "message": "Agent call package created", "run_id": "p0-b03", "timestamp": "2026-08-11T05:59:37.480632Z"}
{"component": "run_review_checkpoint", "data": {}, "event": "opened", "iteration": 2, "level": "info", "message": "Mandatory visual-review checkpoint opened", "run_id": "p0-b03", "timestamp": "2026-08-11T05:59:37.518133Z"}
{"component": "finalize_agent_response", "data": {"mode": "review", "role": "reviewer"}, "event": "completed", "iteration": 2, "level": "info", "message": "Agent response finalized", "run_id": "p0-b03", "timestamp": "2026-08-11T06:07:00.846633Z"}
{"component": "manage_run_state", "data": {"state": "review_evaluating"}, "event": "completed", "iteration": 2, "level": "info", "message": "Run state updated", "run_id": "p0-b03", "timestamp": "2026-08-11T06:07:01.080133Z"}
{"component": "evaluate_review", "data": {"policy_decision": "revise"}, "event": "completed", "iteration": 2, "level": "info", "message": "Review evaluation completed", "run_id": "p0-b03", "timestamp": "2026-08-11T06:07:01.306635Z"}
{"component": "manage_run_state", "data": {"state": "review_revise"}, "event": "completed", "iteration": 2, "level": "info", "message": "Run state updated", "run_id": "p0-b03", "timestamp": "2026-08-11T06:07:01.534633Z"}
{"component": "prepare_agent_call", "data": {"mode": "revision", "role": "planner"}, "event": "completed", "iteration": 2, "level": "info", "message": "Agent call package created", "run_id": "p0-b03", "timestamp": "2026-08-11T06:07:01.796132Z"}
{"component": "finalize_agent_response", "data": {"mode": "revision", "role": "planner"}, "event": "completed", "iteration": 2, "level": "info", "message": "Agent response finalized", "run_id": "p0-b03", "timestamp": "2026-08-11T06:18:30.743122Z"}
{"component": "apply_review_patch", "data": {"applied": 5}, "event": "completed", "iteration": null, "level": "info", "message": "Review patch applied", "run_id": "p0-b03", "timestamp": "2026-08-11T06:18:30.979977Z"}
