{"component": "manage_run_state", "data": {"state": "building"}, "event": "completed", "iteration": 3, "level": "info", "message": "Run state updated", "run_id": "p0-b02", "timestamp": "2026-08-11T06:20:09.596495Z"}
{"component": "run_pipeline", "data": {}, "event": "started", "iteration": 3, "level": "info", "message": "Single-iteration pipeline started", "run_id": "p0-b02", "timestamp": "2026-08-11T06:20:09.846005Z"}
{"component": "crop_assets", "data": {}, "event": "skipped", "iteration": 3, "level": "info", "message": "No pending raster crops", "run_id": "p0-b02", "timestamp": "2026-08-11T06:20:10.027004Z"}
{"component": "sanitize_svg", "data": {}, "event": "skipped", "iteration": 3, "level": "info", "message": "No pending SVG assets", "run_id": "p0-b02", "timestamp": "2026-08-11T06:20:10.031003Z"}
{"timestamp":"2026-08-11T06:20:10.314Z","level":"info","component":"build_slide","event":"started","message":"PPT build started","run_id":"p0-b02","iteration":3,"data":{}}
{"component": "validate_assets", "data": {}, "event": "started", "iteration": 3, "level": "info", "message": "Asset allowlist validation started", "run_id": "p0-b02", "timestamp": "2026-08-11T06:20:10.489593Z"}
{"component": "validate_assets", "data": {"count": 6, "exit_code": 0}, "event": "completed", "iteration": 3, "level": "info", "message": "Asset allowlist validation completed", "run_id": "p0-b02", "timestamp": "2026-08-11T06:20:10.538595Z"}
{"timestamp":"2026-08-11T06:20:10.753Z","level":"info","component":"build_slide","event":"completed","message":"PPT build completed","run_id":"p0-b02","iteration":3,"data":{"exit_code":0,"element_count":34}}
{"component": "audit_fonts", "data": {}, "event": "started", "iteration": 3, "level": "info", "message": "Font audit started", "run_id": "p0-b02", "timestamp": "2026-08-11T06:20:10.901815Z"}
{"component": "audit_fonts", "data": {"exit_code": 0, "font_violations": 0}, "event": "completed", "iteration": 3, "level": "info", "message": "Font audit completed", "run_id": "p0-b02", "timestamp": "2026-08-11T06:20:10.938475Z"}
{"component": "render_ppt", "data": {}, "event": "started", "iteration": 3, "level": "info", "message": "PPT rendering started", "run_id": "p0-b02", "timestamp": "2026-08-11T06:20:11.107855Z"}
{"component": "render_ppt", "data": {"exit_code": 0, "fallback_used": false, "renderer": "Microsoft PowerPoint"}, "event": "completed", "iteration": 3, "level": "info", "message": "PPT rendering completed", "run_id": "p0-b02", "timestamp": "2026-08-11T06:20:17.411869Z"}
{"component": "verify_ppt", "data": {}, "event": "started", "iteration": 3, "level": "info", "message": "Structural QA started", "run_id": "p0-b02", "timestamp": "2026-08-11T06:20:17.678485Z"}
{"component": "verify_ppt", "data": {"exit_code": 0, "status": "pass"}, "event": "completed", "iteration": 3, "level": "info", "message": "Structural QA completed", "run_id": "p0-b02", "timestamp": "2026-08-11T06:20:17.875482Z"}
{"component": "run_pipeline", "data": {"exit_code": 0}, "event": "completed", "iteration": 3, "level": "info", "message": "Single-iteration pipeline completed", "run_id": "p0-b02", "timestamp": "2026-08-11T06:20:17.896482Z"}
{"component": "prepare_agent_call", "data": {"mode": "review", "role": "reviewer"}, "event": "completed", "iteration": 3, "level": "info", "message": "Agent call package created", "run_id": "p0-b02", "timestamp": "2026-08-11T06:20:18.314812Z"}
{"component": "run_review_checkpoint", "data": {}, "event": "opened", "iteration": 3, "level": "info", "message": "Mandatory visual-review checkpoint opened", "run_id": "p0-b02", "timestamp": "2026-08-11T06:20:18.339812Z"}
{"component": "finalize_agent_response", "data": {"mode": "review", "role": "reviewer"}, "event": "completed", "iteration": 3, "level": "info", "message": "Agent response finalized", "run_id": "p0-b02", "timestamp": "2026-08-11T06:30:00.270851Z"}
{"component": "manage_run_state", "data": {"state": "review_evaluating"}, "event": "completed", "iteration": 3, "level": "info", "message": "Run state updated", "run_id": "p0-b02", "timestamp": "2026-08-11T06:30:00.450025Z"}
{"component": "evaluate_review", "data": {"policy_decision": "pass"}, "event": "completed", "iteration": 3, "level": "info", "message": "Review evaluation completed", "run_id": "p0-b02", "timestamp": "2026-08-11T06:30:00.624034Z"}
{"component": "manage_run_state", "data": {"state": "review_pass"}, "event": "completed", "iteration": 3, "level": "info", "message": "Run state updated", "run_id": "p0-b02", "timestamp": "2026-08-11T06:30:00.807678Z"}
