{"component": "run_pipeline", "data": {}, "event": "started", "iteration": 1, "level": "info", "message": "Single-iteration pipeline started", "run_id": "p0-b04", "timestamp": "2026-08-11T05:29:23.276120Z"}
{"component": "crop_assets", "data": {}, "event": "skipped", "iteration": 1, "level": "info", "message": "No pending raster crops", "run_id": "p0-b04", "timestamp": "2026-08-11T05:29:23.469425Z"}
{"component": "sanitize_svg", "data": {}, "event": "skipped", "iteration": 1, "level": "info", "message": "No pending SVG assets", "run_id": "p0-b04", "timestamp": "2026-08-11T05:29:23.472424Z"}
{"component": "run_pipeline", "data": {"exit_code": 3}, "event": "failed", "iteration": 1, "level": "error", "message": "input path does not exist", "run_id": "p0-b04", "timestamp": "2026-08-11T05:29:23.765424Z"}
{"component": "run_pipeline", "data": {"exit_code": 3}, "event": "failed", "iteration": 1, "level": "error", "message": "input path does not exist", "run_id": "p0-b04", "timestamp": "2026-08-11T05:29:23.768426Z"}
{"component": "run_pipeline", "data": {}, "event": "started", "iteration": 1, "level": "info", "message": "Single-iteration pipeline started", "run_id": "p0-b04", "timestamp": "2026-08-11T05:29:34.417168Z"}
{"component": "crop_assets", "data": {}, "event": "skipped", "iteration": 1, "level": "info", "message": "No pending raster crops", "run_id": "p0-b04", "timestamp": "2026-08-11T05:29:34.595998Z"}
{"component": "sanitize_svg", "data": {}, "event": "skipped", "iteration": 1, "level": "info", "message": "No pending SVG assets", "run_id": "p0-b04", "timestamp": "2026-08-11T05:29:34.598998Z"}
{"timestamp":"2026-08-11T05:29:34.880Z","level":"info","component":"build_slide","event":"started","message":"PPT build started","run_id":"p0-b04","iteration":1,"data":{}}
{"component": "validate_assets", "data": {}, "event": "started", "iteration": 1, "level": "info", "message": "Asset allowlist validation started", "run_id": "p0-b04", "timestamp": "2026-08-11T05:29:35.057092Z"}
{"component": "validate_assets", "data": {"count": 0, "exit_code": 0}, "event": "completed", "iteration": 1, "level": "info", "message": "Asset allowlist validation completed", "run_id": "p0-b04", "timestamp": "2026-08-11T05:29:35.082178Z"}
{"timestamp":"2026-08-11T05:29:35.286Z","level":"info","component":"build_slide","event":"completed","message":"PPT build completed","run_id":"p0-b04","iteration":1,"data":{"exit_code":0,"element_count":29}}
{"component": "audit_fonts", "data": {}, "event": "started", "iteration": 1, "level": "info", "message": "Font audit started", "run_id": "p0-b04", "timestamp": "2026-08-11T05:29:35.441956Z"}
{"component": "audit_fonts", "data": {"exit_code": 0, "font_violations": 0}, "event": "completed", "iteration": 1, "level": "info", "message": "Font audit completed", "run_id": "p0-b04", "timestamp": "2026-08-11T05:29:35.478013Z"}
{"component": "render_ppt", "data": {}, "event": "started", "iteration": 1, "level": "info", "message": "PPT rendering started", "run_id": "p0-b04", "timestamp": "2026-08-11T05:29:35.662957Z"}
{"component": "render_ppt", "data": {"exit_code": 0, "fallback_used": false, "renderer": "Microsoft PowerPoint"}, "event": "completed", "iteration": 1, "level": "info", "message": "PPT rendering completed", "run_id": "p0-b04", "timestamp": "2026-08-11T05:29:41.883913Z"}
{"component": "verify_ppt", "data": {}, "event": "started", "iteration": 1, "level": "info", "message": "Structural QA started", "run_id": "p0-b04", "timestamp": "2026-08-11T05:29:42.142912Z"}
{"component": "verify_ppt", "data": {"exit_code": 0, "status": "pass"}, "event": "completed", "iteration": 1, "level": "info", "message": "Structural QA completed", "run_id": "p0-b04", "timestamp": "2026-08-11T05:29:42.317913Z"}
{"component": "run_pipeline", "data": {"exit_code": 0}, "event": "completed", "iteration": 1, "level": "info", "message": "Single-iteration pipeline completed", "run_id": "p0-b04", "timestamp": "2026-08-11T05:29:42.337914Z"}
{"component": "prepare_agent_call", "data": {"mode": "review", "role": "reviewer"}, "event": "completed", "iteration": 1, "level": "info", "message": "Agent call package created", "run_id": "p0-b04", "timestamp": "2026-08-11T05:35:07.780706Z"}
{"component": "run_review_checkpoint", "data": {}, "event": "opened", "iteration": 1, "level": "info", "message": "Mandatory visual-review checkpoint opened", "run_id": "p0-b04", "timestamp": "2026-08-11T05:35:07.804701Z"}
{"component": "finalize_agent_response", "data": {"mode": "review", "role": "reviewer"}, "event": "completed", "iteration": 1, "level": "info", "message": "Agent response finalized", "run_id": "p0-b04", "timestamp": "2026-08-11T05:45:58.592919Z"}
{"component": "manage_run_state", "data": {"state": "review_evaluating"}, "event": "completed", "iteration": 1, "level": "info", "message": "Run state updated", "run_id": "p0-b04", "timestamp": "2026-08-11T05:45:58.769815Z"}
{"component": "evaluate_review", "data": {"policy_decision": "revise"}, "event": "completed", "iteration": 1, "level": "info", "message": "Review evaluation completed", "run_id": "p0-b04", "timestamp": "2026-08-11T05:45:58.952954Z"}
{"component": "manage_run_state", "data": {"state": "review_revise"}, "event": "completed", "iteration": 1, "level": "info", "message": "Run state updated", "run_id": "p0-b04", "timestamp": "2026-08-11T05:45:59.138487Z"}
{"component": "prepare_agent_call", "data": {"mode": "revision", "role": "planner"}, "event": "completed", "iteration": 1, "level": "info", "message": "Agent call package created", "run_id": "p0-b04", "timestamp": "2026-08-11T05:46:19.779581Z"}
{"component": "finalize_agent_response", "data": {"mode": "revision", "role": "planner"}, "event": "completed", "iteration": 1, "level": "info", "message": "Agent response finalized", "run_id": "p0-b04", "timestamp": "2026-08-11T06:25:52.859672Z"}
{"component": "apply_review_patch", "data": {"applied": 5}, "event": "completed", "iteration": null, "level": "info", "message": "Review patch applied", "run_id": "p0-b04", "timestamp": "2026-08-11T06:25:53.112882Z"}
